// Jest Snapshot v1, https://goo.gl/fbAQLP

exports[`BookList instance is rendered corretly renders without crashing 1`] = `
<ol
  className="books-grid"
>
  <li
    key="0"
  >
    <Book
      book={
        Object {
          "id": 0,
        }
      }
      onBookShelfChange={[Function]}
      shelves={Array []}
    />
  </li>
  <li
    key="1"
  >
    <Book
      book={
        Object {
          "id": 1,
        }
      }
      onBookShelfChange={[Function]}
      shelves={Array []}
    />
  </li>
</ol>
`;
